{"name": "John", "age": 30, "city": "New York"}
John
30
New York
John
30
New York
