hello Alice
10
Alice
{'name': 'ff', 'age': 10}
1014gg14