['apple', 'banana', 'cherry']['hello', 'world']['', 'abc', 'def']
