Some, name
30
{'name': 'Alice', 'age': 30}
Paris
Brown
White
30
True
some name
7